
=== Bare axum (reference floor) (port 4100) ===
  ready in 15ms
  static         25398 rps  p50 2.074ms  p99 2.953ms  solo p50 0.09ms  100% 2xx
  path-param: unsupported (HTTP 404)
  dynamic: unsupported (HTTP 404)
  list-20: unsupported (HTTP 404)
  conditional: unsupported (HTTP 404)
  post-echo: unsupported (HTTP 404)

=== Ferrimock (port 4101) ===
  ready in 44ms
  static         20044 rps  p50 1.097ms  p99 36.093ms  solo p50 0.164ms  100% 2xx
  path-param     15159 rps  p50 1.182ms  p99 54.567ms  solo p50 0.192ms  100% 2xx
  dynamic        30455 rps  p50 0.944ms  p99 13.048ms  solo p50 0.092ms  100% 2xx
  list-20        29869 rps  p50 1.096ms  p99 11.466ms  solo p50 0.098ms  100% 2xx
  conditional    39161 rps  p50 1.051ms  p99 6.897ms  solo p50 0.083ms  100% 2xx
  post-echo      26940 rps  p50 1.134ms  p99 12.733ms  solo p50 0.088ms  100% 2xx

=== Mockoon CLI (port 4102) ===
  ready in 985ms
  static          1391 rps  p50 33.524ms  p99 73.699ms  solo p50 4.899ms  100% 2xx
  path-param      1011 rps  p50 40.913ms  p99 197.403ms  solo p50 4.352ms  100% 2xx
  dynamic         1235 rps  p50 37.281ms  p99 80.705ms  solo p50 4.234ms  100% 2xx
  list-20          478 rps  p50 43.004ms  p99 646.902ms  solo p50 5.221ms  100% 2xx
  conditional      459 rps  p50 83.888ms  p99 427.074ms  solo p50 4.447ms  100% 2xx
  post-echo: unsupported (answers, but not with the behaviour the scenario asks for)

=== Prism (OpenAPI) (port 4103) ===
  ready in 1253ms
  static          3052 rps  p50 12.402ms  p99 59.418ms  solo p50 0.282ms  100% 2xx
  path-param: unsupported (answers, but not with the behaviour the scenario asks for)
  dynamic: unsupported (serves a fixed example, does not generate)
0         6267 rps  p50 6.199ms  p99 28.137ms  solo p50 0.158ms  100% 2xx
  conditional: unsupported (answers, but not with the behaviour the scenario asks for)
  post-echo: unsupported (answers, but not with the behaviour the scenario asks for)

=== json-server (port 4104) ===
  ready in 139ms
  static         17330 rps  p50 2.36ms  p99 8.216ms  solo p50 0.885ms  100% 2xx
  path-param      2107 rps  p50 6.525ms  p99 269.695ms  solo p50 0.387ms  100% 2xx
  dynamic: unsupported (not expressible in this tool)
  list-20: unsupported (not expressible in this tool)
  conditional: unsupported (not expressible in this tool)
  post-echo: unsupported (not expressible in this tool)
- WireMock (Docker): skipped (BENCH_WIREMOCK=1 (requires Docker; adds VM networking overhead))

wrote <run-dir>

Requests/sec — 5s at 50 connections, higher is better.

| Scenario | Bare axum (reference floor) | Ferrimock | Mockoon CLI | Prism (OpenAPI) | json-server |
| --- | ---: | ---: | ---: | ---: | ---: |
| Static JSON body | 41,543 | 42,435 | 2,599 | 3,012 | 17,330 |
| Path param in body | n/a | 41,529 | 2,877 | n/a | 2,107 |
| Generated fake data (5 fields) | n/a | 38,826 | 2,172 | n/a | not expressible |
| 20-item generated list | n/a | 37,979 | 608 | 6,267 | not expressible |
| Header-conditional route | n/a | 43,904 | 486 | n/a | not expressible |
| POST with JSON body echo | n/a | 42,175 | n/a | n/a | not expressible |

Single-connection p50 latency (ms) — no queueing, so this still separates tools once throughput hits the host ceiling.

| Scenario | Bare axum (reference floor) | Ferrimock | Mockoon CLI | Prism (OpenAPI) | json-server |
| --- | ---: | ---: | ---: | ---: | ---: |
| Static JSON body | 0.073 | 0.085 | 2.925 | 0.649 | 0.885 |
| Path param in body | n/a | 0.07 | 3.031 | n/a | 0.387 |
| Generated fake data (5 fields) | n/a | 0.08 | 3.411 | n/a | n/a |
| 20-item generated list | n/a | 0.085 | 5.694 | 0.158 | n/a |
| Header-conditional route | n/a | 0.071 | 4.585 | n/a | n/a |
| POST with JSON body echo | n/a | 0.147 | n/a | n/a | n/a |

| Metric | Bare axum (reference floor) | Ferrimock | Mockoon CLI | Prism (OpenAPI) | json-server |
| --- | ---: | ---: | ---: | ---: | ---: |
| Startup to first response | 22 ms | 58 ms | 699 ms | 1790 ms | 139 ms |
| RSS idle | 2.4 MiB | 15.6 MiB | 117.2 MiB | 150.5 MiB | 66.9 MiB |
| RSS after load | 5 MiB | 22.8 MiB | 317.6 MiB | 163.5 MiB | 134.3 MiB |
